🔧 Running tagger.py
📄 PDF Tagging Log — 2025-06-22 19:59:56
============================================================
📝 Page 1 - Headings: 0, Paragraphs: 97, Footnotes: 4
🔧 Running tagger.py
📄 PDF Tagging Log — 2025-06-22 20:01:02
============================================================
📝 Page 1 - Headings: 0, Paragraphs: 97, Footnotes: 4
📝 Page 2 - Headings: 0, Paragraphs: 85, Footnotes: 9
📝 Page 3 - Headings: 0, Paragraphs: 120, Footnotes: 3
📝 Page 4 - Headings: 0, Paragraphs: 99, Footnotes: 6
📝 Page 5 - Headings: 0, Paragraphs: 68, Footnotes: 5
📝 Page 6 - Headings: 0, Paragraphs: 72, Footnotes: 2
📝 Page 7 - Headings: 0, Paragraphs: 67, Footnotes: 4
📝 Page 8 - Headings: 0, Paragraphs: 73, Footnotes: 7
📝 Page 9 - Headings: 0, Paragraphs: 63, Footnotes: 6
📝 Page 10 - Headings: 0, Paragraphs: 75, Footnotes: 5
📝 Page 11 - Headings: 0, Paragraphs: 82, Footnotes: 4
📝 Page 12 - Headings: 0, Paragraphs: 93, Footnotes: 3
📝 Page 13 - Headings: 0, Paragraphs: 130, Footnotes: 4
📝 Page 14 - Headings: 0, Paragraphs: 134, Footnotes: 8
📝 Page 15 - Headings: 0, Paragraphs: 71, Footnotes: 2
📝 Page 16 - Headings: 0, Paragraphs: 53, Footnotes: 1
📝 Page 17 - Headings: 0, Paragraphs: 80, Footnotes: 3
📝 Page 18 - Headings: 0, Paragraphs: 12, Footnotes: 0
✅ Structured PDF saved to: sample_structured.pdf
🔧 Running tagger.py
📄 PDF Tagging Log — 2025-06-22 20:01:19
============================================================
📝 Page 1 - Headings: 0, Paragraphs: 97, Footnotes: 4
📝 Page 2 - Headings: 0, Paragraphs: 85, Footnotes: 9
📝 Page 3 - Headings: 0, Paragraphs: 120, Footnotes: 3
📝 Page 4 - Headings: 0, Paragraphs: 99, Footnotes: 6
📝 Page 5 - Headings: 0, Paragraphs: 68, Footnotes: 5
📝 Page 6 - Headings: 0, Paragraphs: 72, Footnotes: 2
📝 Page 7 - Headings: 0, Paragraphs: 67, Footnotes: 4
📝 Page 8 - Headings: 0, Paragraphs: 73, Footnotes: 7
📝 Page 9 - Headings: 0, Paragraphs: 63, Footnotes: 6
📝 Page 10 - Headings: 0, Paragraphs: 75, Footnotes: 5
📝 Page 11 - Headings: 0, Paragraphs: 82, Footnotes: 4
📝 Page 12 - Headings: 0, Paragraphs: 93, Footnotes: 3
📝 Page 13 - Headings: 0, Paragraphs: 130, Footnotes: 4
📝 Page 14 - Headings: 0, Paragraphs: 134, Footnotes: 8
📝 Page 15 - Headings: 0, Paragraphs: 71, Footnotes: 2
📝 Page 16 - Headings: 0, Paragraphs: 53, Footnotes: 1
📝 Page 17 - Headings: 0, Paragraphs: 80, Footnotes: 3
📝 Page 18 - Headings: 0, Paragraphs: 12, Footnotes: 0
✅ Structured PDF saved to: sample_structured.pdf
🔧 Running tagger.py
📄 PDF Tagging Log — 2025-06-22 20:03:10
============================================================
📝 Page 1 - Headings: 0, Paragraphs: 97, Footnotes: 4
📝 Page 2 - Headings: 0, Paragraphs: 85, Footnotes: 9
📝 Page 3 - Headings: 0, Paragraphs: 120, Footnotes: 3
📝 Page 4 - Headings: 0, Paragraphs: 99, Footnotes: 6
📝 Page 5 - Headings: 0, Paragraphs: 68, Footnotes: 5
📝 Page 6 - Headings: 0, Paragraphs: 72, Footnotes: 2
📝 Page 7 - Headings: 0, Paragraphs: 67, Footnotes: 4
📝 Page 8 - Headings: 0, Paragraphs: 73, Footnotes: 7
📝 Page 9 - Headings: 0, Paragraphs: 63, Footnotes: 6
📝 Page 10 - Headings: 0, Paragraphs: 75, Footnotes: 5
📝 Page 11 - Headings: 0, Paragraphs: 82, Footnotes: 4
📝 Page 12 - Headings: 0, Paragraphs: 93, Footnotes: 3
📝 Page 13 - Headings: 0, Paragraphs: 130, Footnotes: 4
📝 Page 14 - Headings: 0, Paragraphs: 134, Footnotes: 8
📝 Page 15 - Headings: 0, Paragraphs: 71, Footnotes: 2
📝 Page 16 - Headings: 0, Paragraphs: 53, Footnotes: 1
📝 Page 17 - Headings: 0, Paragraphs: 80, Footnotes: 3
📝 Page 18 - Headings: 0, Paragraphs: 12, Footnotes: 0
✅ Structured PDF saved to: sample_structured.pdf
🔧 Running tagger.py
📄 PDF Tagging Log — 2025-06-22 20:11:29
============================================================
📝 Page 1 - Headings: 0, Paragraphs: 97, Footnotes: 4
📝 Page 2 - Headings: 0, Paragraphs: 85, Footnotes: 9
📝 Page 3 - Headings: 0, Paragraphs: 120, Footnotes: 3
📝 Page 4 - Headings: 0, Paragraphs: 99, Footnotes: 6
📝 Page 5 - Headings: 0, Paragraphs: 68, Footnotes: 5
📝 Page 6 - Headings: 0, Paragraphs: 72, Footnotes: 2
📝 Page 7 - Headings: 0, Paragraphs: 67, Footnotes: 4
📝 Page 8 - Headings: 0, Paragraphs: 73, Footnotes: 7
📝 Page 9 - Headings: 0, Paragraphs: 63, Footnotes: 6
📝 Page 10 - Headings: 0, Paragraphs: 75, Footnotes: 5
📝 Page 11 - Headings: 0, Paragraphs: 82, Footnotes: 4
📝 Page 12 - Headings: 0, Paragraphs: 93, Footnotes: 3
📝 Page 13 - Headings: 0, Paragraphs: 130, Footnotes: 4
📝 Page 14 - Headings: 0, Paragraphs: 134, Footnotes: 8
📝 Page 15 - Headings: 0, Paragraphs: 71, Footnotes: 2
📝 Page 16 - Headings: 0, Paragraphs: 53, Footnotes: 1
📝 Page 17 - Headings: 0, Paragraphs: 80, Footnotes: 3
📝 Page 18 - Headings: 0, Paragraphs: 12, Footnotes: 0
✅ Structured PDF saved to: sample_structured.pdf
